<html>
<body>
<pre>
<h1>µVision3 Build Log</h1>
<h2>Project:</h2>
H:\Project\FW\BHS_STM32_GUI_DEMO\APP\STM32-BHS-OS.uv2
Project File Date:  01/05/2015

<h2>Output:</h2>
Clean started: Project: 'STM32-BHS-OS'
   deleting intermediate output files for target 'Flash'
   deleting intermediate output files for target 'RAM'
Build target 'Flash'
assembling cortexm3_macro.s...
assembling stm32f10x_startup.s...
compiling app.c...
app.c(139): warning:  #177-D: variable "i" was declared but never referenced
app.c(140): warning:  #177-D: variable "j" was declared but never referenced
app.c(182): warning:  #177-D: variable "os_err" was declared but never referenced
compiling stm32f10x_it.c...
compiling bsp.c...
compiling os_cpu_c.c...
compiling os_dbg.c...
assembling os_cpu_a.asm...
assembling cpu_a.asm...
compiling os_core.c...
compiling os_flag.c...
compiling os_mbox.c...
compiling os_mem.c...
compiling os_mutex.c...
compiling os_q.c...
compiling os_sem.c...
compiling os_task.c...
compiling os_time.c...
compiling os_tmr.c...
compiling Com.c...
compiling GUI_X_Touch.c...
compiling GUI_X_uCOS.c...
compiling ili932x.c...
compiling ili932x_io.c...
compiling ili932x_uCGUI.c...
compiling ili9320_api.c...
compiling spi.c...
compiling SST25LF080.c...
compiling ads7843.c...
compiling calibrate.c...
compiling MicriumLogoWRed.c...
compiling GUIDEMO.c...
compiling GUIDEMO_Automotive.c...
..\uCGUIDemo\GUIDEMO_Automotive.c(1500): warning: C3017W: tDiff2 may be used before being set
..\uCGUIDemo\GUIDEMO_Automotive.c(1500): warning: C3017W: tDiff1 may be used before being set
compiling GUIDEMO_Bitmap4bpp.c...
compiling GUIDEMO_Bitmap.c...
compiling GUIDEMO_Circle.c...
compiling GUIDEMO_ColorBar.c...
compiling GUIDEMO_ColorList.c...
compiling GUIDEMO_Cursor.c...
compiling GUIDEMO_Dialog.c...
compiling GUIDEMO_Font.c...
compiling GUIDEMO_FrameWin.c...
compiling GUIDEMO_Graph.c...
compiling GUIDEMO_HardwareInfo.c...
compiling GUIDEMO_Intro.c...
..\uCGUIDemo\GUIDEMO_Intro.c(73): warning:  #69-D: integer conversion resulted in truncation
..\uCGUIDemo\GUIDEMO_Intro.c(74): warning:  #69-D: integer conversion resulted in truncation
compiling GUIDEMO_LUT.c...
..\uCGUIDemo\GUIDEMO_LUT.c(34): warning:  #177-D: function "_ModifyLUT" was declared but never referenced
compiling GUIDEMO_MemDevB.c...
compiling GUIDEMO_Messagebox.c...
compiling GUIDEMO_Navi.c...
compiling GUIDEMO_Polygon.c...
compiling GUIDEMO_ProgBar.c...
..\uCGUIDemo\GUIDEMO_ProgBar.c(54): warning: C3017W: <ahProgBar.0> may be used before being set
compiling GUIDEMO_Speed.c...
..\uCGUIDemo\GUIDEMO_Speed.c(59): warning: C3017W: <r.0> may be used before being set
..\uCGUIDemo\GUIDEMO_Speed.c(59): warning: C3017W: <r.4> may be used before being set
compiling GUIDEMO_Touch.c...
compiling GUIDEMO_WM.c...
..\uCGUIDemo\GUIDEMO_WM.c(59): warning:  #177-D: variable "_hMEdit" was declared but never referenced
..\uCGUIDemo\GUIDEMO_WM.c(519): warning:  #177-D: function "_DemoClipping" was declared but never referenced
compiling MicriumLogo.c...
compiling stm32f10x_adc.c...
compiling stm32f10x_bkp.c...
compiling stm32f10x_can.c...
compiling stm32f10x_crc.c...
compiling stm32f10x_dac.c...
compiling stm32f10x_dbgmcu.c...
compiling stm32f10x_dma.c...
compiling stm32f10x_exti.c...
compiling stm32f10x_flash.c...
compiling stm32f10x_fsmc.c...
compiling stm32f10x_gpio.c...
compiling stm32f10x_i2c.c...
compiling stm32f10x_iwdg.c...
compiling stm32f10x_lib.c...
compiling stm32f10x_nvic.c...
compiling stm32f10x_pwr.c...
compiling stm32f10x_rcc.c...
compiling stm32f10x_rtc.c...
compiling stm32f10x_sdio.c...
compiling stm32f10x_spi.c...
compiling stm32f10x_systick.c...
compiling stm32f10x_tim.c...
compiling stm32f10x_usart.c...
compiling stm32f10x_wwdg.c...
linking...
Program Size: Code=71126 RO-data=53978 RW-data=768 ZI-data=16040  
FromELF: creating hex file...
"..\ObjFlash\STM32.axf" - 0 Error(s), 13 Warning(s).
Clean started: Project: 'STM32-BHS-OS'
   deleting intermediate output files for target 'Flash'
   deleting intermediate output files for target 'RAM'
Build target 'Flash'
assembling cortexm3_macro.s...
assembling stm32f10x_startup.s...
compiling app.c...
app.c(139): warning:  #177-D: variable "i" was declared but never referenced
app.c(140): warning:  #177-D: variable "j" was declared but never referenced
app.c(182): warning:  #177-D: variable "os_err" was declared but never referenced
compiling stm32f10x_it.c...
compiling bsp.c...
compiling os_cpu_c.c...
compiling os_dbg.c...
assembling os_cpu_a.asm...
assembling cpu_a.asm...
compiling os_core.c...
compiling os_flag.c...
compiling os_mbox.c...
compiling os_mem.c...
compiling os_mutex.c...
compiling os_q.c...
compiling os_sem.c...
compiling os_task.c...
compiling os_time.c...
compiling os_tmr.c...
compiling Com.c...
compiling GUI_X_Touch.c...
compiling GUI_X_uCOS.c...
compiling ili932x.c...
compiling ili932x_io.c...
compiling ili932x_uCGUI.c...
compiling ili9320_api.c...
compiling spi.c...
compiling SST25LF080.c...
compiling ads7843.c...
compiling calibrate.c...
compiling MicriumLogoWRed.c...
compiling GUIDEMO.c...
compiling GUIDEMO_Automotive.c...
..\uCGUIDemo\GUIDEMO_Automotive.c(1500): warning: C3017W: tDiff2 may be used before being set
..\uCGUIDemo\GUIDEMO_Automotive.c(1500): warning: C3017W: tDiff1 may be used before being set
compiling GUIDEMO_Bitmap4bpp.c...
compiling GUIDEMO_Bitmap.c...
compiling GUIDEMO_Circle.c...
compiling GUIDEMO_ColorBar.c...
compiling GUIDEMO_ColorList.c...
compiling GUIDEMO_Cursor.c...
compiling GUIDEMO_Dialog.c...
compiling GUIDEMO_Font.c...
compiling GUIDEMO_FrameWin.c...
compiling GUIDEMO_Graph.c...
compiling GUIDEMO_HardwareInfo.c...
compiling GUIDEMO_Intro.c...
..\uCGUIDemo\GUIDEMO_Intro.c(73): warning:  #69-D: integer conversion resulted in truncation
..\uCGUIDemo\GUIDEMO_Intro.c(74): warning:  #69-D: integer conversion resulted in truncation
compiling GUIDEMO_LUT.c...
..\uCGUIDemo\GUIDEMO_LUT.c(34): warning:  #177-D: function "_ModifyLUT" was declared but never referenced
compiling GUIDEMO_MemDevB.c...
compiling GUIDEMO_Messagebox.c...
compiling GUIDEMO_Navi.c...
compiling GUIDEMO_Polygon.c...
compiling GUIDEMO_ProgBar.c...
..\uCGUIDemo\GUIDEMO_ProgBar.c(54): warning: C3017W: <ahProgBar.0> may be used before being set
compiling GUIDEMO_Speed.c...
..\uCGUIDemo\GUIDEMO_Speed.c(59): warning: C3017W: <r.0> may be used before being set
..\uCGUIDemo\GUIDEMO_Speed.c(59): warning: C3017W: <r.4> may be used before being set
compiling GUIDEMO_Touch.c...
compiling GUIDEMO_WM.c...
..\uCGUIDemo\GUIDEMO_WM.c(59): warning:  #177-D: variable "_hMEdit" was declared but never referenced
..\uCGUIDemo\GUIDEMO_WM.c(519): warning:  #177-D: function "_DemoClipping" was declared but never referenced
compiling MicriumLogo.c...
linking...
Program Size: Code=71126 RO-data=53978 RW-data=768 ZI-data=16040  
FromELF: creating hex file...
"..\ObjFlash\STM32.axf" - 0 Error(s), 13 Warning(s).
Clean started: Project: 'STM32-BHS-OS'
   deleting intermediate output files for target 'Flash'
   deleting intermediate output files for target 'RAM'
Build target 'Flash'
assembling cortexm3_macro.s...
assembling stm32f10x_startup.s...
compiling app.c...
app.c(139): warning:  #177-D: variable "i" was declared but never referenced
app.c(140): warning:  #177-D: variable "j" was declared but never referenced
app.c(182): warning:  #177-D: variable "os_err" was declared but never referenced
compiling stm32f10x_it.c...
compiling bsp.c...
compiling os_cpu_c.c...
compiling os_dbg.c...
assembling os_cpu_a.asm...
assembling cpu_a.asm...
compiling os_core.c...
compiling os_flag.c...
compiling os_mbox.c...
compiling os_mem.c...
compiling os_mutex.c...
compiling os_q.c...
compiling os_sem.c...
compiling os_task.c...
compiling os_time.c...
compiling os_tmr.c...
compiling Com.c...
compiling GUI_X_Touch.c...
compiling GUI_X_uCOS.c...
compiling ili932x.c...
compiling ili932x_io.c...
compiling ili932x_uCGUI.c...
compiling ili9320_api.c...
compiling spi.c...
compiling SST25LF080.c...
compiling ads7843.c...
compiling calibrate.c...
compiling MicriumLogoWRed.c...
compiling GUIDEMO.c...
compiling GUIDEMO_Automotive.c...
..\uCGUIDemo\GUIDEMO_Automotive.c(1500): warning: C3017W: tDiff2 may be used before being set
..\uCGUIDemo\GUIDEMO_Automotive.c(1500): warning: C3017W: tDiff1 may be used before being set
compiling GUIDEMO_Bitmap4bpp.c...
compiling GUIDEMO_Bitmap.c...
compiling GUIDEMO_Circle.c...
compiling GUIDEMO_ColorBar.c...
compiling GUIDEMO_ColorList.c...
compiling GUIDEMO_Cursor.c...
compiling GUIDEMO_Dialog.c...
compiling GUIDEMO_Font.c...
compiling GUIDEMO_FrameWin.c...
compiling GUIDEMO_Graph.c...
compiling GUIDEMO_HardwareInfo.c...
compiling GUIDEMO_Intro.c...
..\uCGUIDemo\GUIDEMO_Intro.c(73): warning:  #69-D: integer conversion resulted in truncation
..\uCGUIDemo\GUIDEMO_Intro.c(74): warning:  #69-D: integer conversion resulted in truncation
compiling GUIDEMO_LUT.c...
..\uCGUIDemo\GUIDEMO_LUT.c(34): warning:  #177-D: function "_ModifyLUT" was declared but never referenced
compiling GUIDEMO_MemDevB.c...
compiling GUIDEMO_Messagebox.c...
compiling GUIDEMO_Navi.c...
compiling GUIDEMO_Polygon.c...
compiling GUIDEMO_ProgBar.c...
..\uCGUIDemo\GUIDEMO_ProgBar.c(54): warning: C3017W: <ahProgBar.0> may be used before being set
compiling GUIDEMO_Speed.c...
..\uCGUIDemo\GUIDEMO_Speed.c(59): warning: C3017W: <r.0> may be used before being set
..\uCGUIDemo\GUIDEMO_Speed.c(59): warning: C3017W: <r.4> may be used before being set
compiling GUIDEMO_Touch.c...
compiling GUIDEMO_WM.c...
..\uCGUIDemo\GUIDEMO_WM.c(59): warning:  #177-D: variable "_hMEdit" was declared but never referenced
..\uCGUIDemo\GUIDEMO_WM.c(519): warning:  #177-D: function "_DemoClipping" was declared but never referenced
compiling MicriumLogo.c...
linking...
Program Size: Code=71126 RO-data=53978 RW-data=768 ZI-data=16040  
FromELF: creating hex file...
"..\ObjFlash\STM32.axf" - 0 Error(s), 13 Warning(s).
Clean started: Project: 'STM32-BHS-OS'
   deleting intermediate output files for target 'Flash'
   deleting intermediate output files for target 'RAM'
